<!DOCTYPE html>
<!-- saved from url=(0058)https://f.wcentrix.com/tabhelp/external/wcbox/loading.html -->
<html lang="en-US"><head><meta http-equiv="Content-Type" content="text/html; charset=UTF-8">

    <title>WebCentrix Cargando...</title>
    
    <style>
      body {
        margin: 0;
        padding: 0;
      }
      .wrapper {
        background: #fff;
        -moz-border-radius: 12px;
        -webkit-border-radius: 12px;
        border-radius: 12px;
        margin: auto;
        padding: 25px;
        text-align: center;
		height: 350px;
		padding-top: 100px;
      }
      img {
        height: 50px;
        width: 50px;
      }
    </style>
  </head>
  <body>
    <div class="wrapper">
      <img src="./load_large.gif" title="Cargando...">
    </div>
  

</body></html>